python : ...[2026-02-05 20:55:07,276] ERROR in app: Exception on /auth/register [POST]
At line:1 char:1
+ python tests/test_auth_routes.py > test_output.txt 2>&1
+ ~~~~~~~~~~~~~~~~~~~~~~~~~~~~~~~~~~~~~~~~~~~~~~~~~~~~~~~
    + CategoryInfo          : NotSpecified: (...[2026-02-05 ...register [POST]:String) [], RemoteException
    + FullyQualifiedErrorId : NativeCommandError
 
Traceback (most recent call last):
  File "C:\Users\Administrator\AppData\Local\Programs\Python\Python313\Lib\site-packages\flask\app.py", line 1511, in w
sgi_app
    response = self.full_dispatch_request()
  File "C:\Users\Administrator\AppData\Local\Programs\Python\Python313\Lib\site-packages\flask\app.py", line 919, in fu
ll_dispatch_request
    rv = self.handle_user_exception(e)
  File "C:\Users\Administrator\AppData\Local\Programs\Python\Python313\Lib\site-packages\flask\app.py", line 917, in fu
ll_dispatch_request
    rv = self.dispatch_request()
  File "C:\Users\Administrator\AppData\Local\Programs\Python\Python313\Lib\site-packages\flask\app.py", line 902, in di
spatch_request
    return self.ensure_sync(self.view_functions[rule.endpoint])(**view_args)  # type: ignore[no-any-return]
           ~~~~~~~~~~~~~~~~~~~~~~~~~~~~~~~~~~~~~~~~~~~~~~~~~~~~^^^^^^^^^^^^^
  File "C:\Users\Administrator\Documents\Cafeteria_Management\src\auth\routes.py", line 26, in register
    user = register_user(login_data, password_data, password_repeat)
  File "C:\Users\Administrator\Documents\Cafeteria_Management\src\auth\services.py", line 23, in register_user
    new_user = User(login=login, password=hashed_password, role="student", wallet=None)
  File "<string>", line 4, in __init__
  File "C:\Users\Administrator\AppData\Local\Programs\Python\Python313\Lib\site-packages\sqlalchemy\orm\state.py", line
 596, in _initialize_instance
    with util.safe_reraise():
         ~~~~~~~~~~~~~~~~~^^
  File "C:\Users\Administrator\AppData\Local\Programs\Python\Python313\Lib\site-packages\sqlalchemy\util\langhelpers.py
", line 224, in __exit__
    raise exc_value.with_traceback(exc_tb)
  File "C:\Users\Administrator\AppData\Local\Programs\Python\Python313\Lib\site-packages\sqlalchemy\orm\state.py", line
 594, in _initialize_instance
    manager.original_init(*mixed[1:], **kwargs)
    ~~~~~~~~~~~~~~~~~~~~~^^^^^^^^^^^^^^^^^^^^^^
  File "C:\Users\Administrator\Documents\Cafeteria_Management\src\database\users.py", line 26, in __init__
    self.set_wallet(generated_wallet)
    ~~~~~~~~~~~~~~~^^^^^^^^^^^^^^^^^^
  File "C:\Users\Administrator\Documents\Cafeteria_Management\src\database\users.py", line 31, in set_wallet
    cipher_suite = Fernet(self.key)
  File "C:\Users\Administrator\AppData\Local\Programs\Python\Python313\Lib\site-packages\cryptography\fernet.py", line 
35, in __init__
    key = base64.urlsafe_b64decode(key)
  File "C:\Users\Administrator\AppData\Local\Programs\Python\Python313\Lib\base64.py", line 132, in urlsafe_b64decode
    s = _bytes_from_decode_data(s)
  File "C:\Users\Administrator\AppData\Local\Programs\Python\Python313\Lib\base64.py", line 45, in _bytes_from_decode_d
ata
    raise TypeError("argument should be a bytes-like object or ASCII "
                    "string, not %r" % s.__class__.__name__) from None
TypeError: argument should be a bytes-like object or ASCII string, not 'NoneType'
F.
======================================================================
FAIL: test_profile_update (__main__.AuthRoutesTestCase.test_profile_update)
----------------------------------------------------------------------
Traceback (most recent call last):
  File "C:\Users\Administrator\Documents\Cafeteria_Management\tests\test_auth_routes.py", line 49, in test_profile_upda
te
    self.assertIn(b'test@example.com', response.data)
    ~~~~~~~~~~~~~^^^^^^^^^^^^^^^^^^^^^^^^^^^^^^^^^^^^
AssertionError: b'test@example.com' not found in b'<!DOCTYPE html>\n<html lang="ru">\n\n<head>\n    <meta charset="UTF-
8">\n    <meta name="viewport" content="width=device-width, initial-scale=1.0">\n    <title>\xd0\x92\xd1\x85\xd0\xbe\xd
0\xb4</title>\n</head>\n\n<body>\n    <h2>\xd0\x92\xd1\x85\xd0\xbe\xd0\xb4 \xd0\xb2 \xd1\x81\xd0\xb8\xd1\x81\xd1\x82\xd
0\xb5\xd0\xbc\xd1\x83</h2>\n\n    \n    \n    <ul style="color: red;">\n        \n        <li>Please log in to access t
his page.</li>\n        \n    </ul>\n    \n    \n\n    <form method="POST" action="/auth/login">\n        <div>\n      
      <label for="login">\xd0\x9b\xd0\xbe\xd0\xb3\xd0\xb8\xd0\xbd:</label>\n            <input type="text" id="login" n
ame="login" required>\n        </div>\n        <br>\n        <div>\n            <label for="password">\xd0\x9f\xd0\xb0\
xd1\x80\xd0\xbe\xd0\xbb\xd1\x8c:</label>\n            <input type="password" id="password" name="password" required>\n 
       </div>\n        <br>\n        <button type="submit">\xd0\x92\xd0\xbe\xd0\xb9\xd1\x82\xd0\xb8</button>\n    </for
m>\n</body>\n\n</html>'

----------------------------------------------------------------------
Ran 5 tests in 0.319s

FAILED (failures=1)
